../Drivers/Ethernet_W550/socket.c:426:15:connect_IO_6	32	static
../Drivers/Ethernet_W550/socket.c:770:16:sendto_IO_6	40	static
../Drivers/Ethernet_W550/socket.c:356:8:close	24	static
../Drivers/Ethernet_W550/socket.c:197:8:socket	32	static
../Drivers/Ethernet_W550/socket.c:941:16:recvfrom_IO_6.isra	56	static
../Drivers/Ethernet_W550/socket.c:397:8:listen	16	static
../Drivers/Ethernet_W550/socket.c:410:8:connect_W5x00	0	static
../Drivers/Ethernet_W550/socket.c:418:8:connect_W6x00	0	static
../Drivers/Ethernet_W550/socket.c:491:8:disconnect	24	static
../Drivers/Ethernet_W550/socket.c:514:9:send	48	static
../Drivers/Ethernet_W550/socket.c:636:9:recv	56	static
../Drivers/Ethernet_W550/socket.c:758:9:sendto_W5x00	16	static
../Drivers/Ethernet_W550/socket.c:764:9:sendto_W6x00	8	static
../Drivers/Ethernet_W550/socket.c:928:9:recvfrom_W5x00	0	static
../Drivers/Ethernet_W550/socket.c:936:9:recvfrom_W6x00	0	static
../Drivers/Ethernet_W550/socket.c:1225:9:ctlsocket	8	static
../Drivers/Ethernet_W550/socket.c:1288:9:setsockopt	16	static
../Drivers/Ethernet_W550/socket.c:1344:8:getsockopt	16	static
