../Drivers/Ethernet_W550/DHCP/dhcp.c:256:6:default_ip_assign	8	static
../Drivers/Ethernet_W550/DHCP/dhcp.c:263:6:default_ip_update	8	static
../Drivers/Ethernet_W550/DHCP/dhcp.c:291:6:default_ip_conflict	8	static
../Drivers/Ethernet_W550/DHCP/dhcp.c:319:6:reg_dhcp_cbfunc	20	static
../Drivers/Ethernet_W550/DHCP/dhcp.c:335:6:makeDHCPMSG	24	static
../Drivers/Ethernet_W550/DHCP/dhcp.c:589:6:send_DHCP_DECLINE	24	static
../Drivers/Ethernet_W550/DHCP/dhcp.c:659:8:parseDHCPMSG	72	static
../Drivers/Ethernet_W550/DHCP/dhcp.c:928:9:DHCP_stop	8	static
../Drivers/Ethernet_W550/DHCP/dhcp.c:985:8:check_DHCP_leasedIP	24	static
../Drivers/Ethernet_W550/DHCP/dhcp.c:1067:6:reset_DHCP_timeout	0	static
../Drivers/Ethernet_W550/DHCP/dhcp.c:1028:6:DHCP_init	24	static
../Drivers/Ethernet_W550/DHCP/dhcp.c:1073:6:DHCP_time_handler	0	static
../Drivers/Ethernet_W550/DHCP/dhcp.c:1077:6:getIPfromDHCP	0	static
../Drivers/Ethernet_W550/DHCP/dhcp.c:1084:6:getGWfromDHCP	0	static
../Drivers/Ethernet_W550/DHCP/dhcp.c:1091:6:getSNfromDHCP	0	static
../Drivers/Ethernet_W550/DHCP/dhcp.c:1098:6:getDNSfromDHCP	0	static
../Drivers/Ethernet_W550/DHCP/dhcp.c:1105:10:getDHCPLeasetime	0	static
../Drivers/Ethernet_W550/DHCP/dhcp.c:1109:6:NibbleToHex	0	static
../Drivers/Ethernet_W550/DHCP/dhcp.c:399:6:send_DHCP_DISCOVER	48	static
../Drivers/Ethernet_W550/DHCP/dhcp.c:483:6:send_DHCP_REQUEST	48	static
../Drivers/Ethernet_W550/DHCP/dhcp.c:933:9:check_DHCP_timeout	16	static
../Drivers/Ethernet_W550/DHCP/dhcp.c:789:9:DHCP_run	16	static
